exports[`test Heading small 1`] = `
<h4
  className="antialiased bold mb0 mt0 sans-serif display-sm dark-gray break-word" />
`;

exports[`test Heading xsmall with level 3 1`] = `
<h3
  className="antialiased bold mb0 mt0 sans-serif display-xs dark-gray break-word" />
`;
