exports[`test Column matches snapshot 1`] = `
<div
  className="col col-1">
  Hello world
</div>
`;
